com\mycompany\e\magazine\Template3$13.class
com\mycompany\e\magazine\Template4$3.class
com\mycompany\e\magazine\Template5$1.class
com\mycompany\e\magazine\Template3.class
com\mycompany\e\magazine\Template3$8.class
com\mycompany\e\magazine\Template1$12.class
com\mycompany\e\magazine\Template2$18.class
com\mycompany\e\magazine\Template2$7.class
com\mycompany\e\magazine\Template3$5.class
com\mycompany\e\magazine\Template4$16.class
com\mycompany\e\magazine\Template1$4.class
com\mycompany\e\magazine\Template2$10.class
com\mycompany\e\magazine\Homepage$6.class
com\mycompany\e\magazine\login_page$4.class
com\mycompany\e\magazine\Template1$1.class
com\mycompany\e\magazine\login_page$1.class
com\mycompany\e\magazine\Template4$6.class
com\mycompany\e\magazine\Template4$9.class
com\mycompany\e\magazine\sign_up$3.class
com\mycompany\e\magazine\Template1$17.class
com\mycompany\e\magazine\Template4$17.class
com\mycompany\e\magazine\export.class
com\mycompany\e\magazine\Template1.class
com\mycompany\e\magazine\Template3$18.class
com\mycompany\e\magazine\sign_up$2.class
com\mycompany\e\magazine\Template4$10.class
com\mycompany\e\magazine\Template2$16.class
com\mycompany\e\magazine\Template2$8.class
com\mycompany\e\magazine\Homepage.class
com\mycompany\e\magazine\Template3$7.class
com\mycompany\e\magazine\Template2$2.class
com\mycompany\e\magazine\Profile$1.class
com\mycompany\e\magazine\Template3$12.class
com\mycompany\e\magazine\Template4$5.class
com\mycompany\e\magazine\Template2$15.class
com\mycompany\e\magazine\Template4$11.class
com\mycompany\e\magazine\Template1$11.class
com\mycompany\e\magazine\Template1$18.class
com\mycompany\e\magazine\Template1$9.class
com\mycompany\e\magazine\Homepage$1.class
com\mycompany\e\magazine\sign_up$1.class
com\mycompany\e\magazine\Template2.class
com\mycompany\e\magazine\Template2$1.class
com\mycompany\e\magazine\Template3$6.class
com\mycompany\e\magazine\Homepage$7.class
com\mycompany\e\magazine\login_page$3.class
com\mycompany\e\magazine\Profile$2.class
com\mycompany\e\magazine\Template1$3.class
com\mycompany\e\magazine\Template4$4.class
com\mycompany\e\magazine\Homepage$5.class
com\mycompany\e\magazine\Profile$3.class
com\mycompany\e\magazine\Template2$3.class
com\mycompany\e\magazine\onboarding.class
com\mycompany\e\magazine\Template4$12.class
com\mycompany\e\magazine\login_page$5.class
com\mycompany\e\magazine\Template1$5.class
com\mycompany\e\magazine\Template2$11.class
com\mycompany\e\magazine\login_page$2.class
com\mycompany\e\magazine\Template1$2.class
com\mycompany\e\magazine\Profile.class
com\mycompany\e\magazine\sign_up$4.class
com\mycompany\e\magazine\Template3$17.class
com\mycompany\e\magazine\onboarding$1.class
com\mycompany\e\magazine\Template4$2.class
com\mycompany\e\magazine\Template3$4.class
com\mycompany\e\magazine\Template1$16.class
com\mycompany\e\magazine\Template3$14.class
com\mycompany\e\magazine\Template2$9.class
com\mycompany\e\magazine\Template4$18.class
com\mycompany\e\magazine\Homepage$2.class
com\mycompany\e\magazine\Template1$13.class
com\mycompany\e\magazine\Template2$17.class
com\mycompany\e\magazine\Template3$11.class
com\mycompany\e\magazine\fileop.class
com\mycompany\e\magazine\Template1$8.class
com\mycompany\e\magazine\Template2$14.class
com\mycompany\e\magazine\Template4$15.class
com\mycompany\e\magazine\user.class
com\mycompany\e\magazine\Template1$10.class
com\mycompany\e\magazine\Template2$6.class
com\mycompany\e\magazine\Template3$1.class
com\mycompany\e\magazine\Template3$3.class
com\mycompany\e\magazine\Template2$5.class
com\mycompany\e\magazine\Template4$8.class
com\mycompany\e\magazine\Start.class
com\mycompany\e\magazine\Template3$15.class
com\mycompany\e\magazine\sign_up.class
com\mycompany\e\magazine\Template4$14.class
com\mycompany\e\magazine\Template1$14.class
com\mycompany\e\magazine\Template2$13.class
com\mycompany\e\magazine\Homepage$3.class
com\mycompany\e\magazine\Template4.class
com\mycompany\e\magazine\Template1$7.class
com\mycompany\e\magazine\Template3$9.class
com\mycompany\e\magazine\Template3$2.class
com\mycompany\e\magazine\Template4$7.class
com\mycompany\e\magazine\Template4$13.class
com\mycompany\e\magazine\Template2$4.class
com\mycompany\e\magazine\Template3$10.class
com\mycompany\e\magazine\Template3$16.class
com\mycompany\e\magazine\Template2$12.class
com\mycompany\e\magazine\Template5.class
com\mycompany\e\magazine\login_page.class
com\mycompany\e\magazine\Template1$6.class
com\mycompany\e\magazine\Template4$1.class
com\mycompany\e\magazine\Template1$15.class
com\mycompany\e\magazine\Homepage$4.class
com\mycompany\e\magazine\onboarding$2.class
com\mycompany\e\magazine\login_page$6.class
