C:\Users\allak\Downloads\E_MAGAZINE_GENERATOR\E_MAGAZINE_GENERATOR\src\main\java\com\mycompany\e\magazine\login_page.java
C:\Users\allak\Downloads\E_MAGAZINE_GENERATOR\E_MAGAZINE_GENERATOR\src\main\java\com\mycompany\e\magazine\Template5.java
C:\Users\allak\Downloads\E_MAGAZINE_GENERATOR\E_MAGAZINE_GENERATOR\src\main\java\com\mycompany\e\magazine\Start.java
C:\Users\allak\Downloads\E_MAGAZINE_GENERATOR\E_MAGAZINE_GENERATOR\src\main\java\com\mycompany\e\magazine\sign_up.java
C:\Users\allak\Downloads\E_MAGAZINE_GENERATOR\E_MAGAZINE_GENERATOR\src\main\java\com\mycompany\e\magazine\export.java
C:\Users\allak\Downloads\E_MAGAZINE_GENERATOR\E_MAGAZINE_GENERATOR\src\main\java\com\mycompany\e\magazine\Profile.java
C:\Users\allak\Downloads\E_MAGAZINE_GENERATOR\E_MAGAZINE_GENERATOR\src\main\java\com\mycompany\e\magazine\Template4.java
C:\Users\allak\Downloads\E_MAGAZINE_GENERATOR\E_MAGAZINE_GENERATOR\src\main\java\com\mycompany\e\magazine\Template2.java
C:\Users\allak\Downloads\E_MAGAZINE_GENERATOR\E_MAGAZINE_GENERATOR\src\main\java\com\mycompany\e\magazine\onboarding.java
C:\Users\allak\Downloads\E_MAGAZINE_GENERATOR\E_MAGAZINE_GENERATOR\src\main\java\com\mycompany\e\magazine\user.java
C:\Users\allak\Downloads\E_MAGAZINE_GENERATOR\E_MAGAZINE_GENERATOR\src\main\java\com\mycompany\e\magazine\Homepage.java
C:\Users\allak\Downloads\E_MAGAZINE_GENERATOR\E_MAGAZINE_GENERATOR\src\main\java\com\mycompany\e\magazine\Template3.java
C:\Users\allak\Downloads\E_MAGAZINE_GENERATOR\E_MAGAZINE_GENERATOR\src\main\java\com\mycompany\e\magazine\fileop.java
C:\Users\allak\Downloads\E_MAGAZINE_GENERATOR\E_MAGAZINE_GENERATOR\src\main\java\com\mycompany\e\magazine\Template1.java
